Berth: VN08, Length: 14,10, Width: 4,00, Availability: 1, Compatibility Score: 97,01, ğŸŸ©
Berth: NB14, Length: 15,00, Width: 4,00, Availability: 1, Compatibility Score: 93,80, ğŸŸ©
Berth: VN03, Length: 14,20, Width: 4,80, Availability: 1, Compatibility Score: 86,13, ğŸŸ¨
Berth: VN04, Length: 14,20, Width: 4,80, Availability: 1, Compatibility Score: 86,13, ğŸŸ¨
Berth: VN13, Length: 14,00, Width: 5,20, Availability: 1, Compatibility Score: 81,58, ğŸŸ¨
Berth: VN11, Length: 14,10, Width: 5,20, Availability: 1, Compatibility Score: 81,22, ğŸŸ¨
Berth: NM36, Length: 14,50, Width: 5,10, Availability: 1, Compatibility Score: 81,11, ğŸŸ¨
Berth: NM37, Length: 14,50, Width: 5,10, Availability: 1, Compatibility Score: 81,11, ğŸŸ¨
Berth: NM38, Length: 14,50, Width: 5,10, Availability: 1, Compatibility Score: 81,11, ğŸŸ¨
Berth: NB61, Length: 15,00, Width: 5,80, Availability: 1, Compatibility Score: 70,11, ğŸŸ¨